%!Adobe-FontList 1.24
%Locale:0x409

%BeginFont
Handler:DirectoryHandler
FontType:Invalid
OutlineFileName:D:\\Font\0-buzz-dna_iNwmH.zip
FileModTime:1728537292
%EndFont

%BeginFont
Handler:DirectoryHandler
FontType:Invalid
OutlineFileName:D:\\Font\000webfont_ksO0Y.zip
FileModTime:1728536724
%EndFont

%BeginFont
Handler:DirectoryHandler
FontType:Invalid
OutlineFileName:D:\\Font\001-system-analysis_lEfVQ.zip
FileModTime:1728536771
%EndFont

%BeginFont
Handler:DirectoryHandler
FontType:Invalid
OutlineFileName:D:\\Font\00222-regular_Sih7y.zip
FileModTime:1728537823
%EndFont

%BeginFont
Handler:DirectoryHandler
FontType:Invalid
OutlineFileName:D:\\Font\00807_fcY9K.zip
FileModTime:1728536963
%EndFont

%BeginFont
Handler:DirectoryHandler
FontType:Invalid
OutlineFileName:D:\\Font\00acrobatix_oMTXj.zip
FileModTime:1728537042
%EndFont

%BeginFont
Handler:DirectoryHandler
FontType:Invalid
OutlineFileName:D:\\Font\01-01-00-regular_f9fUD.zip
FileModTime:1728538089
%EndFont

%BeginFont
Handler:DirectoryHandler
FontType:Invalid
OutlineFileName:D:\\Font\2015-cruiser-hollow_S23Iz.zip
FileModTime:1728537752
%EndFont

%BeginFont
Handler:DirectoryHandler
FontType:Invalid
OutlineFileName:D:\\Font\acid.zip
FileModTime:1728543101
%EndFont

%BeginFont
Handler:DirectoryHandler
FontType:Invalid
OutlineFileName:D:\\Font\acumin-pro.zip
FileModTime:1728542825
%EndFont

%BeginFont
Handler:DirectoryHandler
FontType:Invalid
OutlineFileName:D:\\Font\aero-matics.zip
FileModTime:1728542985
%EndFont

%BeginFont
Handler:DirectoryHandler
FontType:Invalid
OutlineFileName:D:\\Font\alexandria.zip
FileModTime:1728542707
%EndFont

%BeginFont
Handler:DirectoryHandler
FontType:Invalid
OutlineFileName:D:\\Font\amtypewriteref-bold_Kf7Pw.zip
FileModTime:1728538573
%EndFont

%BeginFont
Handler:DirectoryHandler
FontType:Invalid
OutlineFileName:D:\\Font\anonymous-pro.zip
FileModTime:1728542472
%EndFont

%BeginFont
Handler:DirectoryHandler
FontType:Invalid
OutlineFileName:D:\\Font\aqua-grotesque.zip
FileModTime:1728543090
%EndFont

%BeginFont
Handler:DirectoryHandler
FontType:Invalid
OutlineFileName:D:\\Font\arian-lt_N3M2X.zip
FileModTime:1728538425
%EndFont

%BeginFont
Handler:DirectoryHandler
FontType:Invalid
OutlineFileName:D:\\Font\arista-20-alternate_bNiat.zip
FileModTime:1728538685
%EndFont

%BeginFont
Handler:DirectoryHandler
FontType:Invalid
OutlineFileName:D:\\Font\arista_9EcHZ.zip
FileModTime:1728538683
%EndFont

%BeginFont
Handler:DirectoryHandler
FontType:Invalid
OutlineFileName:D:\\Font\armada-condensed_xN1f8.zip
FileModTime:1728538749
%EndFont

%BeginFont
Handler:DirectoryHandler
FontType:Invalid
OutlineFileName:D:\\Font\armada_vHeVe.zip
FileModTime:1728538727
%EndFont

%BeginFont
Handler:DirectoryHandler
FontType:Invalid
OutlineFileName:D:\\Font\army_zu4kG.zip
FileModTime:1728538798
%EndFont

%BeginFont
Handler:DirectoryHandler
FontType:Invalid
OutlineFileName:D:\\Font\arrow.zip
FileModTime:1728542759
%EndFont

%BeginFont
Handler:DirectoryHandler
FontType:Invalid
OutlineFileName:D:\\Font\asenine.zip
FileModTime:1728543074
%EndFont

%BeginFont
Handler:DirectoryHandler
FontType:Invalid
OutlineFileName:D:\\Font\august_1_tiwLd.zip
FileModTime:1728538989
%EndFont

%BeginFont
Handler:DirectoryHandler
FontType:Invalid
OutlineFileName:D:\\Font\augustmediumalternate_hLiQ6.zip
FileModTime:1728538990
%EndFont

%BeginFont
Handler:DirectoryHandler
FontType:Invalid
OutlineFileName:D:\\Font\avalonquest_VnHce.zip
FileModTime:1728539076
%EndFont

%BeginFont
Handler:DirectoryHandler
FontType:Invalid
OutlineFileName:D:\\Font\avantgarde_c3eEI.zip
FileModTime:1728539134
%EndFont

%BeginFont
Handler:DirectoryHandler
FontType:Invalid
OutlineFileName:D:\\Font\b790-deco_SS3Ed.zip
FileModTime:1728539224
%EndFont

%BeginFont
Handler:DirectoryHandler
FontType:Invalid
OutlineFileName:D:\\Font\bacon_3St8j.zip
FileModTime:1728539314
%EndFont

%BeginFont
Handler:DirectoryHandler
FontType:Invalid
OutlineFileName:D:\\Font\berlin-email-serif.zip
FileModTime:1728542689
%EndFont

%BeginFont
Handler:DirectoryHandler
FontType:Invalid
OutlineFileName:D:\\Font\blacker-display.zip
FileModTime:1728542646
%EndFont

%BeginFont
Handler:DirectoryHandler
FontType:Invalid
OutlineFileName:D:\\Font\blair-itc-std_ziHrH.zip
FileModTime:1728539671
%EndFont

%BeginFont
Handler:DirectoryHandler
FontType:Invalid
OutlineFileName:D:\\Font\bodonitown.zip
FileModTime:1728542636
%EndFont

%BeginFont
Handler:DirectoryHandler
FontType:Invalid
OutlineFileName:D:\\Font\bourbon-grotesque.zip
FileModTime:1728541170
%EndFont

%BeginFont
Handler:DirectoryHandler
FontType:Invalid
OutlineFileName:D:\\Font\bree-serif-2.zip
FileModTime:1728542576
%EndFont

%BeginFont
Handler:DirectoryHandler
FontType:Invalid
OutlineFileName:D:\\Font\bureau.zip
FileModTime:1728542777
%EndFont

%BeginFont
Handler:DirectoryHandler
FontType:Invalid
OutlineFileName:D:\\Font\calgary_GtfXm.zip
FileModTime:1728539904
%EndFont

%BeginFont
Handler:DirectoryHandler
FontType:Invalid
OutlineFileName:D:\\Font\champions.zip
FileModTime:1728542970
%EndFont

%BeginFont
Handler:DirectoryHandler
FontType:Invalid
OutlineFileName:D:\\Font\chivo-mono.zip
FileModTime:1728542561
%EndFont

%BeginFont
Handler:DirectoryHandler
FontType:Invalid
OutlineFileName:D:\\Font\cinqcent.zip
FileModTime:1728541174
%EndFont

%BeginFont
Handler:DirectoryHandler
FontType:Invalid
OutlineFileName:D:\\Font\cocogoose-pro.zip
FileModTime:1728542939
%EndFont

%BeginFont
Handler:DirectoryHandler
FontType:Invalid
OutlineFileName:D:\\Font\college-shadow_KNw3C.zip
FileModTime:1728540322
%EndFont

%BeginFont
Handler:DirectoryHandler
FontType:Invalid
OutlineFileName:D:\\Font\college-slab_fkggy.zip
FileModTime:1728540324
%EndFont

%BeginFont
Handler:DirectoryHandler
FontType:Invalid
OutlineFileName:D:\\Font\college_hjxJl.zip
FileModTime:1728540289
%EndFont

%BeginFont
Handler:DirectoryHandler
FontType:Invalid
OutlineFileName:D:\\Font\contextssk_Mlzas.zip
FileModTime:1728540610
%EndFont

%BeginFont
Handler:DirectoryHandler
FontType:Invalid
OutlineFileName:D:\\Font\corporate-a-bq_D0RST.zip
FileModTime:1728540678
%EndFont

%BeginFont
Handler:DirectoryHandler
FontType:Invalid
OutlineFileName:D:\\Font\credit-valley.zip
FileModTime:1728542672
%EndFont

%BeginFont
Handler:DirectoryHandler
FontType:Invalid
OutlineFileName:D:\\Font\cronos-pro_RsAbB.zip
FileModTime:1728540781
%EndFont

%BeginFont
Handler:DirectoryHandler
FontType:Invalid
OutlineFileName:D:\\Font\daredevil_j5mIb.zip
FileModTime:1728540819
%EndFont

%BeginFont
Handler:DirectoryHandler
FontType:Invalid
OutlineFileName:D:\\Font\dejavu-sans_UiiTr.zip
FileModTime:1728540868
%EndFont

%BeginFont
Handler:DirectoryHandler
FontType:Invalid
OutlineFileName:D:\\Font\disco.zip
FileModTime:1728543083
%EndFont

%BeginFont
Handler:DirectoryHandler
FontType:Invalid
OutlineFileName:D:\\Font\droid-sans-mono-2.zip
FileModTime:1728542494
%EndFont

%BeginFont
Handler:DirectoryHandler
FontType:Invalid
OutlineFileName:D:\\Font\droid-serif-2.zip
FileModTime:1728542582
%EndFont

%BeginFont
Handler:DirectoryHandler
FontType:Invalid
OutlineFileName:D:\\Font\eagle_LkSNR.zip
FileModTime:1728541161
%EndFont

%BeginFont
Handler:DirectoryHandler
FontType:Invalid
OutlineFileName:D:\\Font\el-messiri_6UA1b.zip
FileModTime:1728541282
%EndFont

%BeginFont
Handler:DirectoryHandler
FontType:Invalid
OutlineFileName:D:\\Font\elmhurst_8MSW0.zip
FileModTime:1728541279
%EndFont

%BeginFont
Handler:DirectoryHandler
FontType:Invalid
OutlineFileName:D:\\Font\eurostile-bold_b6KWv.zip
FileModTime:1728538560
%EndFont

%BeginFont
Handler:DirectoryHandler
FontType:Invalid
OutlineFileName:D:\\Font\eurostile.zip
FileModTime:1728542867
%EndFont

%BeginFont
Handler:DirectoryHandler
FontType:Invalid
OutlineFileName:D:\\Font\exo-20-black.zip
FileModTime:1728543104
%EndFont

%BeginFont
Handler:DirectoryHandler
FontType:Invalid
OutlineFileName:D:\\Font\fixedsys-62.zip
FileModTime:1728542519
%EndFont

%BeginFont
Handler:DirectoryHandler
FontType:Invalid
OutlineFileName:D:\\Font\flame-3.zip
FileModTime:1728542625
%EndFont

%BeginFont
Handler:DirectoryHandler
FontType:Invalid
OutlineFileName:D:\\Font\flexi-ibm-vga-true.zip
FileModTime:1728542528
%EndFont

%BeginFont
Handler:DirectoryHandler
FontType:Invalid
OutlineFileName:D:\\Font\franklin-gothic.zip
FileModTime:1728542862
%EndFont

%BeginFont
Handler:DirectoryHandler
FontType:Invalid
OutlineFileName:D:\\Font\futura_khjYz.zip
FileModTime:1728538558
%EndFont

%BeginFont
Handler:DirectoryHandler
FontType:Invalid
OutlineFileName:D:\\Font\gelion.zip
FileModTime:1728543036
%EndFont

%BeginFont
Handler:DirectoryHandler
FontType:Invalid
OutlineFileName:D:\\Font\geometry-soft-pro.zip
FileModTime:1728542977
%EndFont

%BeginFont
Handler:DirectoryHandler
FontType:Invalid
OutlineFileName:D:\\Font\georgia-2.zip
FileModTime:1728542569
%EndFont

%BeginFont
Handler:DirectoryHandler
FontType:Invalid
OutlineFileName:D:\\Font\gotham-rounded_qbOAg.zip
FileModTime:1728538558
%EndFont

%BeginFont
Handler:DirectoryHandler
FontType:Invalid
OutlineFileName:D:\\Font\gotham_qoqES.zip
FileModTime:1728538559
%EndFont

%BeginFont
Handler:DirectoryHandler
FontType:Invalid
OutlineFileName:D:\\Font\heuristica.zip
FileModTime:1728542630
%EndFont

%BeginFont
Handler:DirectoryHandler
FontType:Invalid
OutlineFileName:D:\\Font\horsham_8BgdP.zip
FileModTime:1728541467
%EndFont

%BeginFont
Handler:DirectoryHandler
FontType:Invalid
OutlineFileName:D:\\Font\incognito-pro.zip
FileModTime:1728542784
%EndFont

%BeginFont
Handler:DirectoryHandler
FontType:Invalid
OutlineFileName:D:\\Font\insignia.zip
FileModTime:1728542912
%EndFont

%BeginFont
Handler:DirectoryHandler
FontType:Invalid
OutlineFileName:D:\\Font\interceptor_MCsaA.zip
FileModTime:1728541496
%EndFont

%BeginFont
Handler:DirectoryHandler
FontType:Invalid
OutlineFileName:D:\\Font\intro-black.zip
FileModTime:1728542996
%EndFont

%BeginFont
Handler:DirectoryHandler
FontType:Invalid
OutlineFileName:D:\\Font\kabel.zip
FileModTime:1728543001
%EndFont

%BeginFont
Handler:DirectoryHandler
FontType:Invalid
OutlineFileName:D:\\Font\kremlin_tl0Ic.zip
FileModTime:1728541565
%EndFont

%BeginFont
Handler:DirectoryHandler
FontType:Invalid
OutlineFileName:D:\\Font\kumarkhalimj-bold.zip
FileModTime:1728542011
%EndFont

%BeginFont
Handler:DirectoryHandler
FontType:Invalid
OutlineFileName:D:\\Font\lindau_9P6KY.zip
FileModTime:1728541660
%EndFont

%BeginFont
Handler:DirectoryHandler
FontType:Invalid
OutlineFileName:D:\\Font\lipijuthiexp-normal.zip
FileModTime:1728542013
%EndFont

%BeginFont
Handler:DirectoryHandler
FontType:Invalid
OutlineFileName:D:\\Font\literata-book.zip
FileModTime:1728542743
%EndFont

%BeginFont
Handler:DirectoryHandler
FontType:Invalid
OutlineFileName:D:\\Font\lora.zip
FileModTime:1728542596
%EndFont

%BeginFont
Handler:DirectoryHandler
FontType:Invalid
OutlineFileName:D:\\Font\luciano_Wn8wn.zip
FileModTime:1728542085
%EndFont

%BeginFont
Handler:DirectoryHandler
FontType:Invalid
OutlineFileName:D:\\Font\lucida_30E6q.zip
FileModTime:1728542044
%EndFont

%BeginFont
Handler:DirectoryHandler
FontType:Invalid
OutlineFileName:D:\\Font\lufga.zip
FileModTime:1728543027
%EndFont

%BeginFont
Handler:DirectoryHandler
FontType:Invalid
OutlineFileName:D:\\Font\milliard.zip
FileModTime:1728542873
%EndFont

%BeginFont
Handler:DirectoryHandler
FontType:Invalid
OutlineFileName:D:\\Font\modesto_uIcW2.zip
FileModTime:1728536660
%EndFont

%BeginFont
Handler:DirectoryHandler
FontType:Invalid
OutlineFileName:D:\\Font\modus_jhLAu.zip
FileModTime:1728542238
%EndFont

%BeginFont
Handler:DirectoryHandler
FontType:Invalid
OutlineFileName:D:\\Font\mordred_qu5re.zip
FileModTime:1728542264
%EndFont

%BeginFont
Handler:DirectoryHandler
FontType:Invalid
OutlineFileName:D:\\Font\neomatrix-code.zip
FileModTime:1728542506
%EndFont

%BeginFont
Handler:DirectoryHandler
FontType:Invalid
OutlineFileName:D:\\Font\nitti.zip
FileModTime:1728542466
%EndFont

%BeginFont
Handler:DirectoryHandler
FontType:Invalid
OutlineFileName:D:\\Font\nobel.zip
FileModTime:1728543048
%EndFont

%BeginFont
Handler:DirectoryHandler
FontType:Invalid
OutlineFileName:D:\\Font\novello-pro.zip
FileModTime:1728542703
%EndFont

%BeginFont
Handler:DirectoryHandler
FontType:Invalid
OutlineFileName:D:\\Font\octin-college_VQRxS.zip
FileModTime:1728540291
%EndFont

%BeginFont
Handler:DirectoryHandler
FontType:Invalid
OutlineFileName:D:\\Font\one-stroke-script.zip
FileModTime:1728545803
%EndFont

%BeginFont
Handler:DirectoryHandler
FontType:Invalid
OutlineFileName:D:\\Font\optima.zip
FileModTime:1728542864
%EndFont

%BeginFont
Handler:DirectoryHandler
FontType:Invalid
OutlineFileName:D:\\Font\oscan-expanded-display-sans-serif-font.zip
FileModTime:1728543059
%EndFont

%BeginFont
Handler:DirectoryHandler
FontType:Invalid
OutlineFileName:D:\\Font\paramount.zip
FileModTime:1728542789
%EndFont

%BeginFont
Handler:DirectoryHandler
FontType:Invalid
OutlineFileName:D:\\Font\petrona-2.zip
FileModTime:1728542762
%EndFont

%BeginFont
Handler:DirectoryHandler
FontType:Invalid
OutlineFileName:D:\\Font\playfair-display.zip
FileModTime:1728542614
%EndFont

%BeginFont
Handler:DirectoryHandler
FontType:Invalid
OutlineFileName:D:\\Font\point.zip
FileModTime:1728543005
%EndFont

%BeginFont
Handler:DirectoryHandler
FontType:Invalid
OutlineFileName:D:\\Font\proxima-nova_bUf2T.zip
FileModTime:1728536684
%EndFont

%BeginFont
Handler:DirectoryHandler
FontType:Invalid
OutlineFileName:D:\\Font\punorvabamj-bold.zip
FileModTime:1728542025
%EndFont

%BeginFont
Handler:DirectoryHandler
FontType:Invalid
OutlineFileName:D:\\Font\qlassik.zip
FileModTime:1728542936
%EndFont

%BeginFont
Handler:DirectoryHandler
FontType:Invalid
OutlineFileName:D:\\Font\questa.zip
FileModTime:1728542643
%EndFont

%BeginFont
Handler:DirectoryHandler
FontType:Invalid
OutlineFileName:D:\\Font\rain.zip
FileModTime:1728541145
%EndFont

%BeginFont
Handler:DirectoryHandler
FontType:Invalid
OutlineFileName:D:\\Font\roboto-mono.zip
FileModTime:1728542470
%EndFont

%BeginFont
Handler:DirectoryHandler
FontType:Invalid
OutlineFileName:D:\\Font\rooneysans.zip
FileModTime:1728542980
%EndFont

%BeginFont
Handler:DirectoryHandler
FontType:Invalid
OutlineFileName:D:\\Font\samsung-sans-4.zip
FileModTime:1728542818
%EndFont

%BeginFont
Handler:DirectoryHandler
FontType:Invalid
OutlineFileName:D:\\Font\sanford.zip
FileModTime:1728542610
%EndFont

%BeginFont
Handler:DirectoryHandler
FontType:Invalid
OutlineFileName:D:\\Font\sifonn.zip
FileModTime:1728542886
%EndFont

%BeginFont
Handler:DirectoryHandler
FontType:Invalid
OutlineFileName:D:\\Font\sling.zip
FileModTime:1728542658
%EndFont

%BeginFont
Handler:DirectoryHandler
FontType:Invalid
OutlineFileName:D:\\Font\stag.zip
FileModTime:1728542660
%EndFont

%BeginFont
Handler:DirectoryHandler
FontType:Invalid
OutlineFileName:D:\\Font\sutonnymj-regular.zip
FileModTime:1728542009
%EndFont

%BeginFont
Handler:DirectoryHandler
FontType:Invalid
OutlineFileName:D:\\Font\thegoodmonolith.zip
FileModTime:1728542547
%EndFont

%BeginFont
Handler:DirectoryHandler
FontType:Invalid
OutlineFileName:D:\\Font\timeless.zip
FileModTime:1728542585
%EndFont

%BeginFont
Handler:DirectoryHandler
FontType:Invalid
OutlineFileName:D:\\Font\transport-heavy.zip
FileModTime:1728542987
%EndFont

%BeginFont
Handler:DirectoryHandler
FontType:Invalid
OutlineFileName:D:\\Font\trebuchet-ms-2.zip
FileModTime:1728542877
%EndFont

%BeginFont
Handler:DirectoryHandler
FontType:Invalid
OutlineFileName:D:\\Font\twilight.zip
FileModTime:1728542770
%EndFont

%BeginFont
Handler:DirectoryHandler
FontType:Invalid
OutlineFileName:D:\\Font\univers-lt-std_LSazx.zip
FileModTime:1728538567
%EndFont

%BeginFont
Handler:DirectoryHandler
FontType:Invalid
OutlineFileName:D:\\Font\urmeemj-bold.zip
FileModTime:1728542012
%EndFont

%BeginFont
Handler:DirectoryHandler
FontType:Invalid
OutlineFileName:D:\\Font\wizard-world.zip
FileModTime:1728542751
%EndFont

